2024-10-18 22:20:40.802  o.h.v.i.u.Version - HV000001: Hibernate Validator 8.0.1.Final 
2024-10-18 22:20:40.926  c.t.h.JourneyApplication - Starting JourneyApplication using Java 17.0.10 with PID 1212 (C:\dev\HappyTravel\happyTravel\build\classes\java\main started by geuna in C:\dev\HappyTravel\happyTravel) 
2024-10-18 22:20:40.926  c.t.h.JourneyApplication - The following 1 profile is active: "local" 
2024-10-18 22:20:42.244  o.s.d.r.c.RepositoryConfigurationDelegate - Bootstrapping Spring Data JPA repositories in DEFAULT mode. 
2024-10-18 22:20:42.338  o.s.d.r.c.RepositoryConfigurationDelegate - Finished Spring Data repository scanning in 79 ms. Found 2 JPA repository interfaces. 
2024-10-18 22:20:42.950  o.m.s.m.ClassPathMapperScanner - No MyBatis mapper was found in '[com.trip.happytravel]' package. Please check your configuration. 
2024-10-18 22:20:43.990  o.s.b.w.e.t.TomcatWebServer - Tomcat initialized with port 8080 (http) 
2024-10-18 22:20:44.021  o.a.c.h.Http11NioProtocol - Initializing ProtocolHandler ["http-nio-8080"] 
2024-10-18 22:20:44.021  o.a.c.c.StandardService - Starting service [Tomcat] 
2024-10-18 22:20:44.021  o.a.c.c.StandardEngine - Starting Servlet engine: [Apache Tomcat/10.1.30] 
2024-10-18 22:20:44.202  o.a.c.c.C.[.[.[/] - Initializing Spring embedded WebApplicationContext 
2024-10-18 22:20:44.202  o.s.b.w.s.c.ServletWebServerApplicationContext - Root WebApplicationContext: initialization completed in 3154 ms 
2024-10-18 22:20:44.556  o.h.j.i.u.LogHelper - HHH000204: Processing PersistenceUnitInfo [name: default] 
2024-10-18 22:20:44.713  o.h.Version - HHH000412: Hibernate ORM core version 6.5.3.Final 
2024-10-18 22:20:44.791  o.h.c.i.RegionFactoryInitiator - HHH000026: Second-level cache disabled 
2024-10-18 22:20:45.405  o.s.o.j.p.SpringPersistenceUnitInfo - No LoadTimeWeaver setup: ignoring JPA class transformer 
2024-10-18 22:20:45.467  c.z.h.HikariDataSource - HikariPool-1 - Starting... 
2024-10-18 22:20:45.765  c.z.h.p.HikariPool - HikariPool-1 - Added connection com.mysql.cj.jdbc.ConnectionImpl@5b1ff8cd 
2024-10-18 22:20:45.765  c.z.h.HikariDataSource - HikariPool-1 - Start completed. 
2024-10-18 22:20:45.875  o.h.o.deprecation - HHH90000025: MySQLDialect does not need to be specified explicitly using 'hibernate.dialect' (remove the property setting and it will be selected by default) 
2024-10-18 22:20:47.211  o.h.e.t.j.p.i.JtaPlatformInitiator - HHH000489: No JTA platform available (set 'hibernate.transaction.jta.platform' to enable JTA platform integration) 
2024-10-18 22:20:47.493  o.s.o.j.LocalContainerEntityManagerFactoryBean - Initialized JPA EntityManagerFactory for persistence unit 'default' 
2024-10-18 22:20:48.121  o.s.b.a.o.j.JpaBaseConfiguration$JpaWebConfiguration - spring.jpa.open-in-view is enabled by default. Therefore, database queries may be performed during view rendering. Explicitly configure spring.jpa.open-in-view to disable this warning 
2024-10-18 22:20:49.491  o.a.c.h.Http11NioProtocol - Starting ProtocolHandler ["http-nio-8080"] 
2024-10-18 22:20:49.523  o.s.b.w.e.t.TomcatWebServer - Tomcat started on port 8080 (http) with context path '/' 
2024-10-18 22:20:49.523  c.t.h.JourneyApplication - Started JourneyApplication in 9.742 seconds (process running for 10.712) 
